[2026-04-15 13:34:12] local.ERROR: Connection refused [tcp://127.0.0.1:6379] {"exception":"[object] (Predis\\Connection\\Resource\\Exception\\StreamInitException(code: 111): Connection refused [tcp://127.0.0.1:6379] at /opt/lampp_php8/htdocs/TestWebhook/vendor/predis/predis/src/Connection/Resource/StreamFactory.php:241)
[stacktrace]
#0 /opt/lampp_php8/htdocs/TestWebhook/vendor/predis/predis/src/Connection/Resource/StreamFactory.php(214): Predis\\Connection\\Resource\\StreamFactory->onInitializationError(false, Object(Predis\\Connection\\Parameters), 'Connection refu...', 111)
#1 /opt/lampp_php8/htdocs/TestWebhook/vendor/predis/predis/src/Connection/Resource/StreamFactory.php(109): Predis\\Connection\\Resource\\StreamFactory->createStreamSocket(Object(Predis\\Connection\\Parameters), 'tcp://127.0.0.1...', 4)
#2 /opt/lampp_php8/htdocs/TestWebhook/vendor/predis/predis/src/Connection/Resource/StreamFactory.php(33): Predis\\Connection\\Resource\\StreamFactory->tcpStreamInitializer(Object(Predis\\Connection\\Parameters))
#3 /opt/lampp_php8/htdocs/TestWebhook/vendor/predis/predis/src/Connection/StreamConnection.php(84): Predis\\Connection\\Resource\\StreamFactory->createStream(Object(Predis\\Connection\\Parameters))
#4 /opt/lampp_php8/htdocs/TestWebhook/vendor/predis/predis/src/Connection/AbstractConnection.php(97): Predis\\Connection\\StreamConnection->createResource()
#5 /opt/lampp_php8/htdocs/TestWebhook/vendor/predis/predis/src/Connection/StreamConnection.php(92): Predis\\Connection\\AbstractConnection->connect()
#6 /opt/lampp_php8/htdocs/TestWebhook/vendor/predis/predis/src/Connection/AbstractConnection.php(183): Predis\\Connection\\StreamConnection->connect()
#7 /opt/lampp_php8/htdocs/TestWebhook/vendor/predis/predis/src/Connection/StreamConnection.php(119): Predis\\Connection\\AbstractConnection->getResource()
#8 /opt/lampp_php8/htdocs/TestWebhook/vendor/predis/predis/src/Connection/StreamConnection.php(233): Predis\\Connection\\StreamConnection->write('*2\\r\\n$3\\r\\nGET\\r\\n$8...')
#9 /opt/lampp_php8/htdocs/TestWebhook/vendor/predis/predis/src/Connection/AbstractConnection.php(134): Predis\\Connection\\StreamConnection->writeRequest(Object(Predis\\Command\\Redis\\GET))
#10 /opt/lampp_php8/htdocs/TestWebhook/vendor/predis/predis/src/Client.php(382): Predis\\Connection\\AbstractConnection->executeCommand(Object(Predis\\Command\\Redis\\GET))
#11 /opt/lampp_php8/htdocs/TestWebhook/vendor/predis/predis/src/Client.php(337): Predis\\Client->executeCommand(Object(Predis\\Command\\Redis\\GET))
#12 /opt/lampp_php8/htdocs/TestWebhook/vendor/laravel/framework/src/Illuminate/Redis/Connections/Connection.php(116): Predis\\Client->__call('get', Array)
#13 /opt/lampp_php8/htdocs/TestWebhook/vendor/laravel/framework/src/Illuminate/Redis/Connections/Connection.php(229): Illuminate\\Redis\\Connections\\Connection->command('get', Array)
#14 /opt/lampp_php8/htdocs/TestWebhook/vendor/laravel/framework/src/Illuminate/Cache/RedisStore.php(62): Illuminate\\Redis\\Connections\\Connection->__call('get', Array)
#15 /opt/lampp_php8/htdocs/TestWebhook/vendor/laravel/framework/src/Illuminate/Cache/Repository.php(99): Illuminate\\Cache\\RedisStore->get('jwjguY602Ixb1Cc...')
#16 /opt/lampp_php8/htdocs/TestWebhook/vendor/laravel/framework/src/Illuminate/Session/CacheBasedSessionHandler.php(64): Illuminate\\Cache\\Repository->get('jwjguY602Ixb1Cc...', '')
#17 /opt/lampp_php8/htdocs/TestWebhook/vendor/laravel/framework/src/Illuminate/Session/Store.php(113): Illuminate\\Session\\CacheBasedSessionHandler->read('jwjguY602Ixb1Cc...')
#18 /opt/lampp_php8/htdocs/TestWebhook/vendor/laravel/framework/src/Illuminate/Session/Store.php(101): Illuminate\\Session\\Store->readFromHandler()
#19 /opt/lampp_php8/htdocs/TestWebhook/vendor/laravel/framework/src/Illuminate/Session/Store.php(85): Illuminate\\Session\\Store->loadSession()
#20 /opt/lampp_php8/htdocs/TestWebhook/vendor/laravel/framework/src/Illuminate/Session/Middleware/StartSession.php(147): Illuminate\\Session\\Store->start()
#21 /opt/lampp_php8/htdocs/TestWebhook/vendor/laravel/framework/src/Illuminate/Support/helpers.php(319): Illuminate\\Session\\Middleware\\StartSession->Illuminate\\Session\\Middleware\\{closure}(Object(Illuminate\\Session\\Store))
#22 /opt/lampp_php8/htdocs/TestWebhook/vendor/laravel/framework/src/Illuminate/Session/Middleware/StartSession.php(148): tap(Object(Illuminate\\Session\\Store), Object(Closure))
#23 /opt/lampp_php8/htdocs/TestWebhook/vendor/laravel/framework/src/Illuminate/Session/Middleware/StartSession.php(116): Illuminate\\Session\\Middleware\\StartSession->startSession(Object(Illuminate\\Http\\Request), Object(Illuminate\\Session\\Store))
#24 /opt/lampp_php8/htdocs/TestWebhook/vendor/laravel/framework/src/Illuminate/Session/Middleware/StartSession.php(64): Illuminate\\Session\\Middleware\\StartSession->handleStatefulRequest(Object(Illuminate\\Http\\Request), Object(Illuminate\\Session\\Store), Object(Closure))
#25 /opt/lampp_php8/htdocs/TestWebhook/vendor/laravel/framework/src/Illuminate/Pipeline/Pipeline.php(180): Illuminate\\Session\\Middleware\\StartSession->handle(Object(Illuminate\\Http\\Request), Object(Closure))
#26 /opt/lampp_php8/htdocs/TestWebhook/vendor/laravel/framework/src/Illuminate/Cookie/Middleware/AddQueuedCookiesToResponse.php(37): Illuminate\\Pipeline\\Pipeline->Illuminate\\Pipeline\\{closure}(Object(Illuminate\\Http\\Request))
#27 /opt/lampp_php8/htdocs/TestWebhook/vendor/laravel/framework/src/Illuminate/Pipeline/Pipeline.php(180): Illuminate\\Cookie\\Middleware\\AddQueuedCookiesToResponse->handle(Object(Illuminate\\Http\\Request), Object(Closure))
#28 /opt/lampp_php8/htdocs/TestWebhook/vendor/laravel/framework/src/Illuminate/Cookie/Middleware/EncryptCookies.php(67): Illuminate\\Pipeline\\Pipeline->Illuminate\\Pipeline\\{closure}(Object(Illuminate\\Http\\Request))
#29 /opt/lampp_php8/htdocs/TestWebhook/vendor/laravel/framework/src/Illuminate/Pipeline/Pipeline.php(180): Illuminate\\Cookie\\Middleware\\EncryptCookies->handle(Object(Illuminate\\Http\\Request), Object(Closure))
#30 /opt/lampp_php8/htdocs/TestWebhook/vendor/laravel/framework/src/Illuminate/Pipeline/Pipeline.php(116): Illuminate\\Pipeline\\Pipeline->Illuminate\\Pipeline\\{closure}(Object(Illuminate\\Http\\Request))
#31 /opt/lampp_php8/htdocs/TestWebhook/vendor/laravel/framework/src/Illuminate/Routing/Router.php(799): Illuminate\\Pipeline\\Pipeline->then(Object(Closure))
#32 /opt/lampp_php8/htdocs/TestWebhook/vendor/laravel/framework/src/Illuminate/Routing/Router.php(776): Illuminate\\Routing\\Router->runRouteWithinStack(Object(Illuminate\\Routing\\Route), Object(Illuminate\\Http\\Request))
#33 /opt/lampp_php8/htdocs/TestWebhook/vendor/laravel/framework/src/Illuminate/Routing/Router.php(740): Illuminate\\Routing\\Router->runRoute(Object(Illuminate\\Http\\Request), Object(Illuminate\\Routing\\Route))
#34 /opt/lampp_php8/htdocs/TestWebhook/vendor/laravel/framework/src/Illuminate/Routing/Router.php(729): Illuminate\\Routing\\Router->dispatchToRoute(Object(Illuminate\\Http\\Request))
#35 /opt/lampp_php8/htdocs/TestWebhook/vendor/laravel/framework/src/Illuminate/Foundation/Http/Kernel.php(190): Illuminate\\Routing\\Router->dispatch(Object(Illuminate\\Http\\Request))
#36 /opt/lampp_php8/htdocs/TestWebhook/vendor/laravel/framework/src/Illuminate/Pipeline/Pipeline.php(141): Illuminate\\Foundation\\Http\\Kernel->Illuminate\\Foundation\\Http\\{closure}(Object(Illuminate\\Http\\Request))
#37 /opt/lampp_php8/htdocs/TestWebhook/vendor/laravel/framework/src/Illuminate/Foundation/Http/Middleware/TransformsRequest.php(21): Illuminate\\Pipeline\\Pipeline->Illuminate\\Pipeline\\{closure}(Object(Illuminate\\Http\\Request))
#38 /opt/lampp_php8/htdocs/TestWebhook/vendor/laravel/framework/src/Illuminate/Foundation/Http/Middleware/ConvertEmptyStringsToNull.php(31): Illuminate\\Foundation\\Http\\Middleware\\TransformsRequest->handle(Object(Illuminate\\Http\\Request), Object(Closure))
#39 /opt/lampp_php8/htdocs/TestWebhook/vendor/laravel/framework/src/Illuminate/Pipeline/Pipeline.php(180): Illuminate\\Foundation\\Http\\Middleware\\ConvertEmptyStringsToNull->handle(Object(Illuminate\\Http\\Request), Object(Closure))
#40 /opt/lampp_php8/htdocs/TestWebhook/vendor/laravel/framework/src/Illuminate/Foundation/Http/Middleware/TransformsRequest.php(21): Illuminate\\Pipeline\\Pipeline->Illuminate\\Pipeline\\{closure}(Object(Illuminate\\Http\\Request))
#41 /opt/lampp_php8/htdocs/TestWebhook/vendor/laravel/framework/src/Illuminate/Foundation/Http/Middleware/TrimStrings.php(40): Illuminate\\Foundation\\Http\\Middleware\\TransformsRequest->handle(Object(Illuminate\\Http\\Request), Object(Closure))
#42 /opt/lampp_php8/htdocs/TestWebhook/vendor/laravel/framework/src/Illuminate/Pipeline/Pipeline.php(180): Illuminate\\Foundation\\Http\\Middleware\\TrimStrings->handle(Object(Illuminate\\Http\\Request), Object(Closure))
#43 /opt/lampp_php8/htdocs/TestWebhook/vendor/laravel/framework/src/Illuminate/Foundation/Http/Middleware/ValidatePostSize.php(27): Illuminate\\Pipeline\\Pipeline->Illuminate\\Pipeline\\{closure}(Object(Illuminate\\Http\\Request))
#44 /opt/lampp_php8/htdocs/TestWebhook/vendor/laravel/framework/src/Illuminate/Pipeline/Pipeline.php(180): Illuminate\\Foundation\\Http\\Middleware\\ValidatePostSize->handle(Object(Illuminate\\Http\\Request), Object(Closure))
#45 /opt/lampp_php8/htdocs/TestWebhook/vendor/laravel/framework/src/Illuminate/Foundation/Http/Middleware/PreventRequestsDuringMaintenance.php(86): Illuminate\\Pipeline\\Pipeline->Illuminate\\Pipeline\\{closure}(Object(Illuminate\\Http\\Request))
#46 /opt/lampp_php8/htdocs/TestWebhook/vendor/laravel/framework/src/Illuminate/Pipeline/Pipeline.php(180): Illuminate\\Foundation\\Http\\Middleware\\PreventRequestsDuringMaintenance->handle(Object(Illuminate\\Http\\Request), Object(Closure))
#47 /opt/lampp_php8/htdocs/TestWebhook/vendor/laravel/framework/src/Illuminate/Http/Middleware/HandleCors.php(49): Illuminate\\Pipeline\\Pipeline->Illuminate\\Pipeline\\{closure}(Object(Illuminate\\Http\\Request))
#48 /opt/lampp_php8/htdocs/TestWebhook/vendor/laravel/framework/src/Illuminate/Pipeline/Pipeline.php(180): Illuminate\\Http\\Middleware\\HandleCors->handle(Object(Illuminate\\Http\\Request), Object(Closure))
#49 /opt/lampp_php8/htdocs/TestWebhook/vendor/laravel/framework/src/Illuminate/Http/Middleware/TrustProxies.php(39): Illuminate\\Pipeline\\Pipeline->Illuminate\\Pipeline\\{closure}(Object(Illuminate\\Http\\Request))
#50 /opt/lampp_php8/htdocs/TestWebhook/vendor/laravel/framework/src/Illuminate/Pipeline/Pipeline.php(180): Illuminate\\Http\\Middleware\\TrustProxies->handle(Object(Illuminate\\Http\\Request), Object(Closure))
#51 /opt/lampp_php8/htdocs/TestWebhook/vendor/laravel/framework/src/Illuminate/Pipeline/Pipeline.php(116): Illuminate\\Pipeline\\Pipeline->Illuminate\\Pipeline\\{closure}(Object(Illuminate\\Http\\Request))
#52 /opt/lampp_php8/htdocs/TestWebhook/vendor/laravel/framework/src/Illuminate/Foundation/Http/Kernel.php(165): Illuminate\\Pipeline\\Pipeline->then(Object(Closure))
#53 /opt/lampp_php8/htdocs/TestWebhook/vendor/laravel/framework/src/Illuminate/Foundation/Http/Kernel.php(134): Illuminate\\Foundation\\Http\\Kernel->sendRequestThroughRouter(Object(Illuminate\\Http\\Request))
#54 /opt/lampp_php8/htdocs/TestWebhook/public/index.php(52): Illuminate\\Foundation\\Http\\Kernel->handle(Object(Illuminate\\Http\\Request))
#55 {main}
"} 
